
> klatchup-firebase-backend@1.0.0 deploy
> firebase deploy --only functions


=== Deploying to 'klatchup-pavan2'...

i  deploying functions
Running command: npm --prefix "$RESOURCE_DIR" run build

> klatchup-firebase-backend@1.0.0 build
> tsc

✔  functions: Finished running predeploy script.
i  functions: preparing codebase default for deployment
i  functions: ensuring required API cloudfunctions.googleapis.com is enabled...
i  functions: ensuring required API cloudbuild.googleapis.com is enabled...
i  artifactregistry: ensuring required API artifactregistry.googleapis.com is enabled...
✔  artifactregistry: required API artifactregistry.googleapis.com is enabled
✔  functions: required API cloudbuild.googleapis.com is enabled
✔  functions: required API cloudfunctions.googleapis.com is enabled
i  functions: Loading and analyzing source code for codebase default to determine what to deploy
Serving at port 8712

i  extensions: ensuring required API firebaseextensions.googleapis.com is enabled...
✔  extensions: required API firebaseextensions.googleapis.com is enabled
i  functions: Loaded environment variables from .env.
i  functions: preparing firebase-backend directory for uploading...
i  functions: packaged /Users/pavan/Documents/klatchup/klatchup/firebase-backend (100.99 KB) for uploading
i  functions: ensuring required API run.googleapis.com is enabled...
i  functions: ensuring required API eventarc.googleapis.com is enabled...
i  functions: ensuring required API pubsub.googleapis.com is enabled...
i  functions: ensuring required API storage.googleapis.com is enabled...
✔  functions: required API run.googleapis.com is enabled
✔  functions: required API storage.googleapis.com is enabled
✔  functions: required API pubsub.googleapis.com is enabled
✔  functions: required API eventarc.googleapis.com is enabled
i  functions: generating the service identity for pubsub.googleapis.com...
i  functions: generating the service identity for eventarc.googleapis.com...
✔  functions: firebase-backend folder uploaded successfully
i  functions: updating Node.js 22 (2nd Gen) function api(us-central1)...
✔  functions[api(us-central1)] Successful update operation.
Function URL (api(us-central1)): https://api-zajzlo33xa-uc.a.run.app
i  functions: cleaning up build files...
⚠  functions: Unhandled error cleaning up build images. This could result in a small monthly bill if not corrected. You can attempt to delete these images by redeploying or you can delete them manually at https://console.cloud.google.com/gcr/images/klatchup-pavan2/us/gcf

✔  Deploy complete!

Project Console: https://console.firebase.google.com/project/klatchup-pavan2/overview
